Component: ARM Compiler 5.06 update 6 (build 750) Tool: armlink [4d35ed]

==============================================================================

Section Cross References

    glcd_lpc1700.o(i.GLCD_Bargraph) refers to glcd_lpc1700.o(i.wr_reg) for wr_reg
    glcd_lpc1700.o(i.GLCD_Bargraph) refers to glcd_lpc1700.o(i.wr_cmd) for wr_cmd
    glcd_lpc1700.o(i.GLCD_Bargraph) refers to glcd_lpc1700.o(i.wr_dat_start) for wr_dat_start
    glcd_lpc1700.o(i.GLCD_Bargraph) refers to glcd_lpc1700.o(i.wr_dat_only) for wr_dat_only
    glcd_lpc1700.o(i.GLCD_Bargraph) refers to glcd_lpc1700.o(i.wr_dat_stop) for wr_dat_stop
    glcd_lpc1700.o(i.GLCD_Bargraph) refers to glcd_lpc1700.o(.data) for driverCode
    glcd_lpc1700.o(i.GLCD_Bitmap) refers to glcd_lpc1700.o(i.wr_reg) for wr_reg
    glcd_lpc1700.o(i.GLCD_Bitmap) refers to glcd_lpc1700.o(i.wr_cmd) for wr_cmd
    glcd_lpc1700.o(i.GLCD_Bitmap) refers to glcd_lpc1700.o(i.wr_dat_start) for wr_dat_start
    glcd_lpc1700.o(i.GLCD_Bitmap) refers to glcd_lpc1700.o(i.wr_dat_only) for wr_dat_only
    glcd_lpc1700.o(i.GLCD_Bitmap) refers to glcd_lpc1700.o(i.wr_dat_stop) for wr_dat_stop
    glcd_lpc1700.o(i.GLCD_Bitmap) refers to glcd_lpc1700.o(.data) for driverCode
    glcd_lpc1700.o(i.GLCD_Bmp) refers to glcd_lpc1700.o(i.wr_reg) for wr_reg
    glcd_lpc1700.o(i.GLCD_Bmp) refers to glcd_lpc1700.o(i.wr_cmd) for wr_cmd
    glcd_lpc1700.o(i.GLCD_Bmp) refers to glcd_lpc1700.o(i.wr_dat_start) for wr_dat_start
    glcd_lpc1700.o(i.GLCD_Bmp) refers to glcd_lpc1700.o(i.wr_dat_only) for wr_dat_only
    glcd_lpc1700.o(i.GLCD_Bmp) refers to glcd_lpc1700.o(i.wr_dat_stop) for wr_dat_stop
    glcd_lpc1700.o(i.GLCD_Bmp) refers to glcd_lpc1700.o(.data) for driverCode
    glcd_lpc1700.o(i.GLCD_Clear) refers to glcd_lpc1700.o(i.GLCD_WindowMax) for GLCD_WindowMax
    glcd_lpc1700.o(i.GLCD_Clear) refers to glcd_lpc1700.o(i.wr_reg) for wr_reg
    glcd_lpc1700.o(i.GLCD_Clear) refers to glcd_lpc1700.o(i.wr_cmd) for wr_cmd
    glcd_lpc1700.o(i.GLCD_Clear) refers to glcd_lpc1700.o(i.wr_dat_start) for wr_dat_start
    glcd_lpc1700.o(i.GLCD_Clear) refers to glcd_lpc1700.o(i.wr_dat_only) for wr_dat_only
    glcd_lpc1700.o(i.GLCD_Clear) refers to glcd_lpc1700.o(i.wr_dat_stop) for wr_dat_stop
    glcd_lpc1700.o(i.GLCD_Clear) refers to glcd_lpc1700.o(.data) for driverCode
    glcd_lpc1700.o(i.GLCD_ClearLn) refers to glcd_lpc1700.o(i.GLCD_WindowMax) for GLCD_WindowMax
    glcd_lpc1700.o(i.GLCD_ClearLn) refers to glcd_lpc1700.o(i.GLCD_DisplayString) for GLCD_DisplayString
    glcd_lpc1700.o(i.GLCD_DisplayChar) refers to glcd_lpc1700.o(i.GLCD_DrawChar) for GLCD_DrawChar
    glcd_lpc1700.o(i.GLCD_DisplayChar) refers to glcd_lpc1700.o(.constdata) for Font_24x16
    glcd_lpc1700.o(i.GLCD_DisplayString) refers to glcd_lpc1700.o(i.GLCD_WindowMax) for GLCD_WindowMax
    glcd_lpc1700.o(i.GLCD_DisplayString) refers to glcd_lpc1700.o(i.GLCD_DisplayChar) for GLCD_DisplayChar
    glcd_lpc1700.o(i.GLCD_DrawChar) refers to glcd_lpc1700.o(i.wr_reg) for wr_reg
    glcd_lpc1700.o(i.GLCD_DrawChar) refers to glcd_lpc1700.o(i.wr_cmd) for wr_cmd
    glcd_lpc1700.o(i.GLCD_DrawChar) refers to glcd_lpc1700.o(i.wr_dat_start) for wr_dat_start
    glcd_lpc1700.o(i.GLCD_DrawChar) refers to glcd_lpc1700.o(i.wr_dat_only) for wr_dat_only
    glcd_lpc1700.o(i.GLCD_DrawChar) refers to glcd_lpc1700.o(i.wr_dat_stop) for wr_dat_stop
    glcd_lpc1700.o(i.GLCD_DrawChar) refers to glcd_lpc1700.o(.data) for driverCode
    glcd_lpc1700.o(i.GLCD_Init) refers to glcd_lpc1700.o(i.delay) for delay
    glcd_lpc1700.o(i.GLCD_Init) refers to glcd_lpc1700.o(i.rd_reg) for rd_reg
    glcd_lpc1700.o(i.GLCD_Init) refers to glcd_lpc1700.o(i.wr_reg) for wr_reg
    glcd_lpc1700.o(i.GLCD_Init) refers to glcd_lpc1700.o(.data) for driverCode
    glcd_lpc1700.o(i.GLCD_PutPixel) refers to glcd_lpc1700.o(i.wr_reg) for wr_reg
    glcd_lpc1700.o(i.GLCD_PutPixel) refers to glcd_lpc1700.o(i.wr_cmd) for wr_cmd
    glcd_lpc1700.o(i.GLCD_PutPixel) refers to glcd_lpc1700.o(i.wr_dat) for wr_dat
    glcd_lpc1700.o(i.GLCD_PutPixel) refers to glcd_lpc1700.o(.data) for driverCode
    glcd_lpc1700.o(i.GLCD_SetBackColor) refers to glcd_lpc1700.o(.data) for BackColor
    glcd_lpc1700.o(i.GLCD_SetTextColor) refers to glcd_lpc1700.o(.data) for TextColor
    glcd_lpc1700.o(i.GLCD_WindowMax) refers to glcd_lpc1700.o(i.wr_reg) for wr_reg
    glcd_lpc1700.o(i.GLCD_WindowMax) refers to glcd_lpc1700.o(.data) for driverCode
    glcd_lpc1700.o(i.rd_dat) refers to glcd_lpc1700.o(i.wait_delay) for wait_delay
    glcd_lpc1700.o(i.rd_reg) refers to glcd_lpc1700.o(i.wr_cmd) for wr_cmd
    glcd_lpc1700.o(i.rd_reg) refers to glcd_lpc1700.o(i.rd_dat) for rd_dat
    glcd_lpc1700.o(i.wr_cmd) refers to glcd_lpc1700.o(i.lcd_send) for lcd_send
    glcd_lpc1700.o(i.wr_cmd) refers to glcd_lpc1700.o(.emb_text) for wait
    glcd_lpc1700.o(i.wr_dat) refers to glcd_lpc1700.o(i.lcd_send) for lcd_send
    glcd_lpc1700.o(i.wr_dat) refers to glcd_lpc1700.o(.emb_text) for wait
    glcd_lpc1700.o(i.wr_dat_only) refers to glcd_lpc1700.o(i.lcd_send) for lcd_send
    glcd_lpc1700.o(i.wr_dat_only) refers to glcd_lpc1700.o(.emb_text) for wait
    glcd_lpc1700.o(i.wr_reg) refers to glcd_lpc1700.o(i.wr_cmd) for wr_cmd
    glcd_lpc1700.o(i.wr_reg) refers to glcd_lpc1700.o(i.wr_dat) for wr_dat
    glcd_utils.o(i.GLCD_draw_circle) refers to glcd_lpc1700.o(i.GLCD_PutPixel) for GLCD_PutPixel
    glcd_utils.o(i.GLCD_draw_line) refers to glcd_lpc1700.o(i.GLCD_PutPixel) for GLCD_PutPixel
    uart.o(i.UART0_IRQHandler) refers to uart.o(.data) for UART0_Status
    uart.o(i.UART0_IRQHandler) refers to uart.o(.bss) for UART0_Buffer
    uart.o(i.UART2_IRQHandler) refers to uart.o(.data) for UART2_Status
    uart.o(i.UART2_IRQHandler) refers to uart.o(.bss) for UART2_Buffer
    uart.o(i.UARTInit) refers to uart.o(i.__NVIC_EnableIRQ) for __NVIC_EnableIRQ
    uart.o(i.UARTInit) refers to system_lpc17xx.o(.data) for SystemCoreClock
    uart.o(i.UARTSend) refers to uart.o(.data) for UART0_TxEmpty
    main.o(i.dispLives) refers to glcd_lpc1700.o(i.GLCD_SetTextColor) for GLCD_SetTextColor
    main.o(i.dispLives) refers to glcd_lpc1700.o(i.GLCD_DisplayString) for GLCD_DisplayString
    main.o(i.dispLives) refers to glcd_lpc1700.o(i.GLCD_DisplayChar) for GLCD_DisplayChar
    main.o(i.dispLives) refers to main.o(.constdata) for .constdata
    main.o(i.dispScore) refers to glcd_lpc1700.o(i.GLCD_SetTextColor) for GLCD_SetTextColor
    main.o(i.dispScore) refers to glcd_lpc1700.o(i.GLCD_DisplayString) for GLCD_DisplayString
    main.o(i.dispScore) refers to glcd_lpc1700.o(i.GLCD_DisplayChar) for GLCD_DisplayChar
    main.o(i.dispScore) refers to main.o(.constdata) for .constdata
    main.o(i.drawFrog) refers to main.o(i.drawSquare) for drawSquare
    main.o(i.drawSquare) refers to glcd_lpc1700.o(i.GLCD_SetTextColor) for GLCD_SetTextColor
    main.o(i.drawSquare) refers to glcd_lpc1700.o(i.GLCD_PutPixel) for GLCD_PutPixel
    main.o(i.initialize) refers to main.o(i.drawSquare) for drawSquare
    main.o(i.main) refers to glcd_lpc1700.o(i.GLCD_Init) for GLCD_Init
    main.o(i.main) refers to glcd_lpc1700.o(i.GLCD_Clear) for GLCD_Clear
    main.o(i.main) refers to uart.o(i.UARTInit) for UARTInit
    main.o(i.main) refers to rt_memcpy_w.o(.text) for __aeabi_memcpy4
    main.o(i.main) refers to main.o(i.drawSquare) for drawSquare
    main.o(i.main) refers to main.o(i.dispLives) for dispLives
    main.o(i.main) refers to main.o(i.dispScore) for dispScore
    main.o(i.main) refers to uart.o(i.UARTSend) for UARTSend
    main.o(i.main) refers to main.o(i.drawFrog) for drawFrog
    main.o(i.main) refers to glcd_lpc1700.o(i.GLCD_SetTextColor) for GLCD_SetTextColor
    main.o(i.main) refers to glcd_lpc1700.o(i.GLCD_DisplayString) for GLCD_DisplayString
    main.o(i.main) refers to main.o(.constdata) for .constdata
    main.o(i.main) refers to uart.o(.data) for UART0_Count
    main.o(i.main) refers to uart.o(.bss) for UART0_Buffer
    main.o(i.main) refers to main.o(i.initialize) for initialize
    startup_lpc17xx.o(STACK) refers (Special) to heapauxi.o(.text) for __use_two_region_memory
    startup_lpc17xx.o(HEAP) refers (Special) to heapauxi.o(.text) for __use_two_region_memory
    startup_lpc17xx.o(RESET) refers (Special) to heapauxi.o(.text) for __use_two_region_memory
    startup_lpc17xx.o(RESET) refers to startup_lpc17xx.o(STACK) for __initial_sp
    startup_lpc17xx.o(RESET) refers to startup_lpc17xx.o(.text) for Reset_Handler
    startup_lpc17xx.o(RESET) refers to uart.o(i.UART0_IRQHandler) for UART0_IRQHandler
    startup_lpc17xx.o(RESET) refers to uart.o(i.UART2_IRQHandler) for UART2_IRQHandler
    startup_lpc17xx.o(.ARM.__at_0x02FC) refers (Special) to heapauxi.o(.text) for __use_two_region_memory
    startup_lpc17xx.o(.text) refers (Special) to heapauxi.o(.text) for __use_two_region_memory
    startup_lpc17xx.o(.text) refers to system_lpc17xx.o(i.SystemInit) for SystemInit
    startup_lpc17xx.o(.text) refers to __main.o(!!!main) for __main
    startup_lpc17xx.o(.text) refers to startup_lpc17xx.o(HEAP) for Heap_Mem
    startup_lpc17xx.o(.text) refers to startup_lpc17xx.o(STACK) for Stack_Mem
    system_lpc17xx.o(i.SystemCoreClockUpdate) refers to lludivv7m.o(.text) for __aeabi_uldivmod
    system_lpc17xx.o(i.SystemCoreClockUpdate) refers to system_lpc17xx.o(.data) for SystemCoreClock
    __main.o(!!!main) refers to __rtentry.o(.ARM.Collect$$rtentry$$00000000) for __rt_entry
    __rtentry.o(.ARM.Collect$$rtentry$$00000000) refers (Special) to __rtentry2.o(.ARM.Collect$$rtentry$$0000000A) for __rt_entry_li
    __rtentry.o(.ARM.Collect$$rtentry$$00000000) refers (Special) to __rtentry2.o(.ARM.Collect$$rtentry$$0000000D) for __rt_entry_main
    __rtentry.o(.ARM.Collect$$rtentry$$00000000) refers (Special) to __rtentry2.o(.ARM.Collect$$rtentry$$0000000C) for __rt_entry_postli_1
    __rtentry.o(.ARM.Collect$$rtentry$$00000000) refers (Special) to __rtentry2.o(.ARM.Collect$$rtentry$$00000009) for __rt_entry_postsh_1
    __rtentry.o(.ARM.Collect$$rtentry$$00000000) refers (Special) to __rtentry2.o(.ARM.Collect$$rtentry$$00000002) for __rt_entry_presh_1
    __rtentry.o(.ARM.Collect$$rtentry$$00000000) refers (Special) to __rtentry4.o(.ARM.Collect$$rtentry$$00000004) for __rt_entry_sh
    aeabi_ldiv0_sigfpe.o(.text) refers to rt_div0.o(.text) for __rt_div0
    __rtentry2.o(.ARM.Collect$$rtentry$$00000008) refers to boardinit2.o(.text) for _platform_post_stackheap_init
    __rtentry2.o(.ARM.Collect$$rtentry$$0000000A) refers to libinit.o(.ARM.Collect$$libinit$$00000000) for __rt_lib_init
    __rtentry2.o(.ARM.Collect$$rtentry$$0000000B) refers to boardinit3.o(.text) for _platform_post_lib_init
    __rtentry2.o(.ARM.Collect$$rtentry$$0000000D) refers to main.o(i.main) for main
    __rtentry2.o(.ARM.Collect$$rtentry$$0000000D) refers to exit.o(.text) for exit
    __rtentry2.o(.ARM.exidx) refers to __rtentry2.o(.ARM.Collect$$rtentry$$00000001) for .ARM.Collect$$rtentry$$00000001
    __rtentry2.o(.ARM.exidx) refers to __rtentry2.o(.ARM.Collect$$rtentry$$00000008) for .ARM.Collect$$rtentry$$00000008
    __rtentry2.o(.ARM.exidx) refers to __rtentry2.o(.ARM.Collect$$rtentry$$0000000A) for .ARM.Collect$$rtentry$$0000000A
    __rtentry2.o(.ARM.exidx) refers to __rtentry2.o(.ARM.Collect$$rtentry$$0000000B) for .ARM.Collect$$rtentry$$0000000B
    __rtentry2.o(.ARM.exidx) refers to __rtentry2.o(.ARM.Collect$$rtentry$$0000000D) for .ARM.Collect$$rtentry$$0000000D
    __rtentry4.o(.ARM.Collect$$rtentry$$00000004) refers to sys_stackheap_outer.o(.text) for __user_setup_stackheap
    __rtentry4.o(.ARM.exidx) refers to __rtentry4.o(.ARM.Collect$$rtentry$$00000004) for .ARM.Collect$$rtentry$$00000004
    rt_div0.o(.text) refers to defsig_fpe_outer.o(.text) for __rt_SIGFPE
    sys_stackheap_outer.o(.text) refers to libspace.o(.text) for __user_perproc_libspace
    sys_stackheap_outer.o(.text) refers to startup_lpc17xx.o(.text) for __user_initial_stackheap
    exit.o(.text) refers to rtexit.o(.ARM.Collect$$rtexit$$00000000) for __rt_exit
    defsig_fpe_outer.o(.text) refers to defsig_fpe_inner.o(.text) for __rt_SIGFPE_inner
    defsig_fpe_outer.o(.text) refers to defsig_exit.o(.text) for __sig_exit
    defsig_fpe_formal.o(.text) refers to rt_raise.o(.text) for __rt_raise
    libinit.o(.ARM.Collect$$libinit$$00000000) refers (Special) to libinit2.o(.ARM.Collect$$libinit$$0000002E) for __rt_lib_init_alloca_1
    libinit.o(.ARM.Collect$$libinit$$00000000) refers (Special) to libinit2.o(.ARM.Collect$$libinit$$0000002C) for __rt_lib_init_argv_1
    libinit.o(.ARM.Collect$$libinit$$00000000) refers (Special) to libinit2.o(.ARM.Collect$$libinit$$0000001B) for __rt_lib_init_atexit_1
    libinit.o(.ARM.Collect$$libinit$$00000000) refers (Special) to libinit2.o(.ARM.Collect$$libinit$$00000021) for __rt_lib_init_clock_1
    libinit.o(.ARM.Collect$$libinit$$00000000) refers (Special) to libinit2.o(.ARM.Collect$$libinit$$00000032) for __rt_lib_init_cpp_1
    libinit.o(.ARM.Collect$$libinit$$00000000) refers (Special) to libinit2.o(.ARM.Collect$$libinit$$00000030) for __rt_lib_init_exceptions_1
    libinit.o(.ARM.Collect$$libinit$$00000000) refers (Special) to libinit2.o(.ARM.Collect$$libinit$$00000002) for __rt_lib_init_fp_1
    libinit.o(.ARM.Collect$$libinit$$00000000) refers (Special) to libinit2.o(.ARM.Collect$$libinit$$0000001F) for __rt_lib_init_fp_trap_1
    libinit.o(.ARM.Collect$$libinit$$00000000) refers (Special) to libinit2.o(.ARM.Collect$$libinit$$00000023) for __rt_lib_init_getenv_1
    libinit.o(.ARM.Collect$$libinit$$00000000) refers (Special) to libinit2.o(.ARM.Collect$$libinit$$0000000A) for __rt_lib_init_heap_1
    libinit.o(.ARM.Collect$$libinit$$00000000) refers (Special) to libinit2.o(.ARM.Collect$$libinit$$00000011) for __rt_lib_init_lc_collate_1
    libinit.o(.ARM.Collect$$libinit$$00000000) refers (Special) to libinit2.o(.ARM.Collect$$libinit$$00000013) for __rt_lib_init_lc_ctype_1
    libinit.o(.ARM.Collect$$libinit$$00000000) refers (Special) to libinit2.o(.ARM.Collect$$libinit$$00000015) for __rt_lib_init_lc_monetary_1
    libinit.o(.ARM.Collect$$libinit$$00000000) refers (Special) to libinit2.o(.ARM.Collect$$libinit$$00000017) for __rt_lib_init_lc_numeric_1
    libinit.o(.ARM.Collect$$libinit$$00000000) refers (Special) to libinit2.o(.ARM.Collect$$libinit$$00000019) for __rt_lib_init_lc_time_1
    libinit.o(.ARM.Collect$$libinit$$00000000) refers (Special) to libinit2.o(.ARM.Collect$$libinit$$00000004) for __rt_lib_init_preinit_1
    libinit.o(.ARM.Collect$$libinit$$00000000) refers (Special) to libinit2.o(.ARM.Collect$$libinit$$0000000E) for __rt_lib_init_rand_1
    libinit.o(.ARM.Collect$$libinit$$00000000) refers (Special) to libinit2.o(.ARM.Collect$$libinit$$00000033) for __rt_lib_init_return
    libinit.o(.ARM.Collect$$libinit$$00000000) refers (Special) to libinit2.o(.ARM.Collect$$libinit$$0000001D) for __rt_lib_init_signal_1
    libinit.o(.ARM.Collect$$libinit$$00000000) refers (Special) to libinit2.o(.ARM.Collect$$libinit$$00000025) for __rt_lib_init_stdio_1
    libinit.o(.ARM.Collect$$libinit$$00000000) refers (Special) to libinit2.o(.ARM.Collect$$libinit$$0000000C) for __rt_lib_init_user_alloc_1
    libspace.o(.text) refers to libspace.o(.bss) for __libspace_start
    rtexit.o(.ARM.Collect$$rtexit$$00000000) refers (Special) to rtexit2.o(.ARM.Collect$$rtexit$$00000004) for __rt_exit_exit
    rtexit.o(.ARM.Collect$$rtexit$$00000000) refers (Special) to rtexit2.o(.ARM.Collect$$rtexit$$00000003) for __rt_exit_ls
    rtexit.o(.ARM.Collect$$rtexit$$00000000) refers (Special) to rtexit2.o(.ARM.Collect$$rtexit$$00000002) for __rt_exit_prels_1
    rtexit.o(.ARM.exidx) refers (Special) to rtexit2.o(.ARM.Collect$$rtexit$$00000004) for __rt_exit_exit
    rtexit.o(.ARM.exidx) refers (Special) to rtexit2.o(.ARM.Collect$$rtexit$$00000003) for __rt_exit_ls
    rtexit.o(.ARM.exidx) refers (Special) to rtexit2.o(.ARM.Collect$$rtexit$$00000002) for __rt_exit_prels_1
    rtexit.o(.ARM.exidx) refers to rtexit.o(.ARM.Collect$$rtexit$$00000000) for .ARM.Collect$$rtexit$$00000000
    rt_raise.o(.text) refers to __raise.o(.text) for __raise
    rt_raise.o(.text) refers to sys_exit.o(.text) for _sys_exit
    defsig_exit.o(.text) refers to sys_exit.o(.text) for _sys_exit
    defsig_fpe_inner.o(.text) refers to defsig_general.o(.text) for __default_signal_display
    libinit2.o(.ARM.Collect$$libinit$$00000010) refers to libinit2.o(.ARM.Collect$$libinit$$0000000F) for .ARM.Collect$$libinit$$0000000F
    libinit2.o(.ARM.Collect$$libinit$$00000012) refers to libinit2.o(.ARM.Collect$$libinit$$0000000F) for .ARM.Collect$$libinit$$0000000F
    libinit2.o(.ARM.Collect$$libinit$$00000014) refers to libinit2.o(.ARM.Collect$$libinit$$0000000F) for .ARM.Collect$$libinit$$0000000F
    libinit2.o(.ARM.Collect$$libinit$$00000016) refers to libinit2.o(.ARM.Collect$$libinit$$0000000F) for .ARM.Collect$$libinit$$0000000F
    libinit2.o(.ARM.Collect$$libinit$$00000018) refers to libinit2.o(.ARM.Collect$$libinit$$0000000F) for .ARM.Collect$$libinit$$0000000F
    libinit2.o(.ARM.Collect$$libinit$$00000026) refers to argv_veneer.o(.emb_text) for __ARM_argv_veneer
    libinit2.o(.ARM.Collect$$libinit$$00000027) refers to argv_veneer.o(.emb_text) for __ARM_argv_veneer
    sys_exit.o(.text) refers (Special) to use_no_semi.o(.text) for __I$use$semihosting
    sys_exit.o(.text) refers (Special) to indicate_semi.o(.text) for __semihosting_library_function
    rtexit2.o(.ARM.Collect$$rtexit$$00000003) refers to libshutdown.o(.ARM.Collect$$libshutdown$$00000000) for __rt_lib_shutdown
    rtexit2.o(.ARM.Collect$$rtexit$$00000004) refers to sys_exit.o(.text) for _sys_exit
    rtexit2.o(.ARM.exidx) refers to rtexit2.o(.ARM.Collect$$rtexit$$00000001) for .ARM.Collect$$rtexit$$00000001
    rtexit2.o(.ARM.exidx) refers to rtexit2.o(.ARM.Collect$$rtexit$$00000003) for .ARM.Collect$$rtexit$$00000003
    rtexit2.o(.ARM.exidx) refers to rtexit2.o(.ARM.Collect$$rtexit$$00000004) for .ARM.Collect$$rtexit$$00000004
    __raise.o(.text) refers to defsig.o(CL$$defsig) for __default_signal_handler
    defsig_general.o(.text) refers to sys_wrch.o(.text) for _ttywrch
    argv_veneer.o(.emb_text) refers to no_argv.o(.text) for __ARM_get_argv
    sys_wrch.o(.text) refers (Special) to use_no_semi.o(.text) for __I$use$semihosting
    sys_wrch.o(.text) refers (Special) to indicate_semi.o(.text) for __semihosting_library_function
    defsig.o(CL$$defsig) refers to defsig_fpe_inner.o(.text) for __rt_SIGFPE_inner
    defsig.o(CL$$defsig) refers to defsig_rtmem_inner.o(.text) for __rt_SIGRTMEM_inner
    _get_argv_nomalloc.o(.text) refers (Special) to hrguard.o(.text) for __heap_region$guard
    _get_argv_nomalloc.o(.text) refers to defsig_rtmem_outer.o(.text) for __rt_SIGRTMEM
    _get_argv_nomalloc.o(.text) refers to sys_command.o(.text) for _sys_command_string
    libshutdown.o(.ARM.Collect$$libshutdown$$00000000) refers (Special) to libshutdown2.o(.ARM.Collect$$libshutdown$$00000002) for __rt_lib_shutdown_cpp_1
    libshutdown.o(.ARM.Collect$$libshutdown$$00000000) refers (Special) to libshutdown2.o(.ARM.Collect$$libshutdown$$00000007) for __rt_lib_shutdown_fp_trap_1
    libshutdown.o(.ARM.Collect$$libshutdown$$00000000) refers (Special) to libshutdown2.o(.ARM.Collect$$libshutdown$$0000000F) for __rt_lib_shutdown_heap_1
    libshutdown.o(.ARM.Collect$$libshutdown$$00000000) refers (Special) to libshutdown2.o(.ARM.Collect$$libshutdown$$00000010) for __rt_lib_shutdown_return
    libshutdown.o(.ARM.Collect$$libshutdown$$00000000) refers (Special) to libshutdown2.o(.ARM.Collect$$libshutdown$$0000000A) for __rt_lib_shutdown_signal_1
    libshutdown.o(.ARM.Collect$$libshutdown$$00000000) refers (Special) to libshutdown2.o(.ARM.Collect$$libshutdown$$00000004) for __rt_lib_shutdown_stdio_1
    libshutdown.o(.ARM.Collect$$libshutdown$$00000000) refers (Special) to libshutdown2.o(.ARM.Collect$$libshutdown$$0000000C) for __rt_lib_shutdown_user_alloc_1
    sys_command.o(.text) refers (Special) to use_no_semi.o(.text) for __I$use$semihosting
    sys_command.o(.text) refers (Special) to indicate_semi.o(.text) for __semihosting_library_function
    defsig_abrt_inner.o(.text) refers to defsig_general.o(.text) for __default_signal_display
    defsig_rtred_inner.o(.text) refers to defsig_general.o(.text) for __default_signal_display
    defsig_rtmem_inner.o(.text) refers to defsig_general.o(.text) for __default_signal_display
    defsig_rtmem_outer.o(.text) refers to defsig_rtmem_inner.o(.text) for __rt_SIGRTMEM_inner
    defsig_rtmem_outer.o(.text) refers to defsig_exit.o(.text) for __sig_exit
    defsig_rtmem_formal.o(.text) refers to rt_raise.o(.text) for __rt_raise
    defsig_stak_inner.o(.text) refers to defsig_general.o(.text) for __default_signal_display
    defsig_pvfn_inner.o(.text) refers to defsig_general.o(.text) for __default_signal_display
    defsig_cppl_inner.o(.text) refers to defsig_general.o(.text) for __default_signal_display
    defsig_segv_inner.o(.text) refers to defsig_general.o(.text) for __default_signal_display
    defsig_other.o(.text) refers to defsig_general.o(.text) for __default_signal_display


==============================================================================

Removing Unused input sections from the image.

    Removing glcd_lpc1700.o(.rev16_text), (4 bytes).
    Removing glcd_lpc1700.o(.revsh_text), (4 bytes).
    Removing glcd_lpc1700.o(.rrx_text), (6 bytes).
    Removing glcd_lpc1700.o(i.GLCD_Bargraph), (264 bytes).
    Removing glcd_lpc1700.o(i.GLCD_Bitmap), (236 bytes).
    Removing glcd_lpc1700.o(i.GLCD_Bmp), (236 bytes).
    Removing glcd_lpc1700.o(i.GLCD_ClearLn), (44 bytes).
    Removing glcd_lpc1700.o(i.GLCD_SetBackColor), (12 bytes).
    Removing glcd_utils.o(.rev16_text), (4 bytes).
    Removing glcd_utils.o(.revsh_text), (4 bytes).
    Removing glcd_utils.o(.rrx_text), (6 bytes).
    Removing glcd_utils.o(i.GLCD_draw_circle), (142 bytes).
    Removing glcd_utils.o(i.GLCD_draw_circle_full), (2 bytes).
    Removing glcd_utils.o(i.GLCD_draw_line), (144 bytes).
    Removing glcd_utils.o(i.GLCD_draw_smiley_face), (2 bytes).
    Removing uart.o(.rev16_text), (4 bytes).
    Removing uart.o(.revsh_text), (4 bytes).
    Removing uart.o(.rrx_text), (6 bytes).
    Removing main.o(.rev16_text), (4 bytes).
    Removing main.o(.revsh_text), (4 bytes).
    Removing main.o(.rrx_text), (6 bytes).
    Removing system_lpc17xx.o(.rev16_text), (4 bytes).
    Removing system_lpc17xx.o(.revsh_text), (4 bytes).
    Removing system_lpc17xx.o(.rrx_text), (6 bytes).
    Removing system_lpc17xx.o(i.SystemCoreClockUpdate), (424 bytes).

25 unused section(s) (total 1576 bytes) removed from the image.

==============================================================================

Image Symbol Table

    Local Symbols

    Symbol Name                              Value     Ov Type        Size  Object(Section)

    RESET                                    0x00000000   Section      204  startup_lpc17xx.o(RESET)
    ../clib/angel/boardlib.s                 0x00000000   Number         0  boardinit1.o ABSOLUTE
    ../clib/angel/boardlib.s                 0x00000000   Number         0  boardinit3.o ABSOLUTE
    ../clib/angel/boardlib.s                 0x00000000   Number         0  boardinit2.o ABSOLUTE
    ../clib/angel/boardlib.s                 0x00000000   Number         0  boardshut.o ABSOLUTE
    ../clib/angel/handlers.s                 0x00000000   Number         0  __scatter_copy.o ABSOLUTE
    ../clib/angel/handlers.s                 0x00000000   Number         0  __scatter_zi.o ABSOLUTE
    ../clib/angel/kernel.s                   0x00000000   Number         0  __rtentry2.o ABSOLUTE
    ../clib/angel/kernel.s                   0x00000000   Number         0  rtexit.o ABSOLUTE
    ../clib/angel/kernel.s                   0x00000000   Number         0  __rtentry.o ABSOLUTE
    ../clib/angel/kernel.s                   0x00000000   Number         0  __rtentry4.o ABSOLUTE
    ../clib/angel/kernel.s                   0x00000000   Number         0  rtexit2.o ABSOLUTE
    ../clib/angel/rt.s                       0x00000000   Number         0  aeabi_ldiv0_sigfpe.o ABSOLUTE
    ../clib/angel/rt.s                       0x00000000   Number         0  rt_div0.o ABSOLUTE
    ../clib/angel/rt.s                       0x00000000   Number         0  rt_raise.o ABSOLUTE
    ../clib/angel/rt.s                       0x00000000   Number         0  aeabi_ldiv0.o ABSOLUTE
    ../clib/angel/scatter.s                  0x00000000   Number         0  __scatter.o ABSOLUTE
    ../clib/angel/startup.s                  0x00000000   Number         0  __main.o ABSOLUTE
    ../clib/angel/sys.s                      0x00000000   Number         0  sys_stackheap_outer.o ABSOLUTE
    ../clib/angel/sys.s                      0x00000000   Number         0  libspace.o ABSOLUTE
    ../clib/angel/sys.s                      0x00000000   Number         0  use_no_semi.o ABSOLUTE
    ../clib/angel/sys.s                      0x00000000   Number         0  indicate_semi.o ABSOLUTE
    ../clib/angel/sysapp.c                   0x00000000   Number         0  sys_exit.o ABSOLUTE
    ../clib/angel/sysapp.c                   0x00000000   Number         0  sys_command.o ABSOLUTE
    ../clib/angel/sysapp.c                   0x00000000   Number         0  sys_wrch.o ABSOLUTE
    ../clib/armsys.c                         0x00000000   Number         0  argv_veneer.o ABSOLUTE
    ../clib/armsys.c                         0x00000000   Number         0  argv_veneer.o ABSOLUTE
    ../clib/armsys.c                         0x00000000   Number         0  _get_argv_nomalloc.o ABSOLUTE
    ../clib/armsys.c                         0x00000000   Number         0  no_argv.o ABSOLUTE
    ../clib/heapalloc.c                      0x00000000   Number         0  hrguard.o ABSOLUTE
    ../clib/heapaux.c                        0x00000000   Number         0  heapauxi.o ABSOLUTE
    ../clib/libinit.s                        0x00000000   Number         0  libinit.o ABSOLUTE
    ../clib/libinit.s                        0x00000000   Number         0  libinit2.o ABSOLUTE
    ../clib/libinit.s                        0x00000000   Number         0  libshutdown2.o ABSOLUTE
    ../clib/libinit.s                        0x00000000   Number         0  libshutdown.o ABSOLUTE
    ../clib/longlong.s                       0x00000000   Number         0  lludivv7m.o ABSOLUTE
    ../clib/memcpset.s                       0x00000000   Number         0  rt_memcpy_w.o ABSOLUTE
    ../clib/signal.c                         0x00000000   Number         0  defsig_fpe_formal.o ABSOLUTE
    ../clib/signal.c                         0x00000000   Number         0  defsig_general.o ABSOLUTE
    ../clib/signal.c                         0x00000000   Number         0  __raise.o ABSOLUTE
    ../clib/signal.c                         0x00000000   Number         0  defsig_rtred_inner.o ABSOLUTE
    ../clib/signal.c                         0x00000000   Number         0  defsig_abrt_inner.o ABSOLUTE
    ../clib/signal.c                         0x00000000   Number         0  defsig_rtmem_inner.o ABSOLUTE
    ../clib/signal.c                         0x00000000   Number         0  defsig_rtmem_outer.o ABSOLUTE
    ../clib/signal.c                         0x00000000   Number         0  defsig_rtmem_formal.o ABSOLUTE
    ../clib/signal.c                         0x00000000   Number         0  defsig_fpe_inner.o ABSOLUTE
    ../clib/signal.c                         0x00000000   Number         0  defsig_stak_inner.o ABSOLUTE
    ../clib/signal.c                         0x00000000   Number         0  defsig_pvfn_inner.o ABSOLUTE
    ../clib/signal.c                         0x00000000   Number         0  defsig_cppl_inner.o ABSOLUTE
    ../clib/signal.c                         0x00000000   Number         0  defsig_exit.o ABSOLUTE
    ../clib/signal.c                         0x00000000   Number         0  defsig_segv_inner.o ABSOLUTE
    ../clib/signal.c                         0x00000000   Number         0  defsig_fpe_outer.o ABSOLUTE
    ../clib/signal.c                         0x00000000   Number         0  defsig_other.o ABSOLUTE
    ../clib/signal.s                         0x00000000   Number         0  defsig.o ABSOLUTE
    ../clib/stdlib.c                         0x00000000   Number         0  exit.o ABSOLUTE
    ../fplib/fpinit.s                        0x00000000   Number         0  fpinit.o ABSOLUTE
    ..\Drivers\GLCD_LPC1700.c                0x00000000   Number         0  glcd_lpc1700.o ABSOLUTE
    ..\Drivers\GLCD_UTILS.c                  0x00000000   Number         0  glcd_utils.o ABSOLUTE
    ..\Drivers\main.c                        0x00000000   Number         0  main.o ABSOLUTE
    ..\Drivers\uart.c                        0x00000000   Number         0  uart.o ABSOLUTE
    ..\\Drivers\\GLCD_LPC1700.c              0x00000000   Number         0  glcd_lpc1700.o ABSOLUTE
    ..\\Drivers\\GLCD_UTILS.c                0x00000000   Number         0  glcd_utils.o ABSOLUTE
    ..\\Drivers\\main.c                      0x00000000   Number         0  main.o ABSOLUTE
    ..\\Drivers\\uart.c                      0x00000000   Number         0  uart.o ABSOLUTE
    RTE\Device\LPC1768\startup_LPC17xx.s     0x00000000   Number         0  startup_lpc17xx.o ABSOLUTE
    RTE\Device\LPC1768\system_LPC17xx.c      0x00000000   Number         0  system_lpc17xx.o ABSOLUTE
    RTE\\Device\\LPC1768\\system_LPC17xx.c   0x00000000   Number         0  system_lpc17xx.o ABSOLUTE
    dc.s                                     0x00000000   Number         0  dc.o ABSOLUTE
    !!!main                                  0x000000cc   Section        8  __main.o(!!!main)
    !!!scatter                               0x000000d4   Section       52  __scatter.o(!!!scatter)
    !!handler_copy                           0x00000108   Section       26  __scatter_copy.o(!!handler_copy)
    !!handler_zi                             0x00000124   Section       28  __scatter_zi.o(!!handler_zi)
    .ARM.Collect$$libinit$$00000000          0x00000140   Section        2  libinit.o(.ARM.Collect$$libinit$$00000000)
    .ARM.Collect$$libinit$$00000002          0x00000142   Section        0  libinit2.o(.ARM.Collect$$libinit$$00000002)
    .ARM.Collect$$libinit$$00000004          0x00000142   Section        0  libinit2.o(.ARM.Collect$$libinit$$00000004)
    .ARM.Collect$$libinit$$0000000A          0x00000142   Section        0  libinit2.o(.ARM.Collect$$libinit$$0000000A)
    .ARM.Collect$$libinit$$0000000C          0x00000142   Section        0  libinit2.o(.ARM.Collect$$libinit$$0000000C)
    .ARM.Collect$$libinit$$0000000E          0x00000142   Section        0  libinit2.o(.ARM.Collect$$libinit$$0000000E)
    .ARM.Collect$$libinit$$00000011          0x00000142   Section        0  libinit2.o(.ARM.Collect$$libinit$$00000011)
    .ARM.Collect$$libinit$$00000013          0x00000142   Section        0  libinit2.o(.ARM.Collect$$libinit$$00000013)
    .ARM.Collect$$libinit$$00000015          0x00000142   Section        0  libinit2.o(.ARM.Collect$$libinit$$00000015)
    .ARM.Collect$$libinit$$00000017          0x00000142   Section        0  libinit2.o(.ARM.Collect$$libinit$$00000017)
    .ARM.Collect$$libinit$$00000019          0x00000142   Section        0  libinit2.o(.ARM.Collect$$libinit$$00000019)
    .ARM.Collect$$libinit$$0000001B          0x00000142   Section        0  libinit2.o(.ARM.Collect$$libinit$$0000001B)
    .ARM.Collect$$libinit$$0000001D          0x00000142   Section        0  libinit2.o(.ARM.Collect$$libinit$$0000001D)
    .ARM.Collect$$libinit$$0000001F          0x00000142   Section        0  libinit2.o(.ARM.Collect$$libinit$$0000001F)
    .ARM.Collect$$libinit$$00000021          0x00000142   Section        0  libinit2.o(.ARM.Collect$$libinit$$00000021)
    .ARM.Collect$$libinit$$00000023          0x00000142   Section        0  libinit2.o(.ARM.Collect$$libinit$$00000023)
    .ARM.Collect$$libinit$$00000025          0x00000142   Section        0  libinit2.o(.ARM.Collect$$libinit$$00000025)
    .ARM.Collect$$libinit$$0000002C          0x00000142   Section        0  libinit2.o(.ARM.Collect$$libinit$$0000002C)
    .ARM.Collect$$libinit$$0000002E          0x00000142   Section        0  libinit2.o(.ARM.Collect$$libinit$$0000002E)
    .ARM.Collect$$libinit$$00000030          0x00000142   Section        0  libinit2.o(.ARM.Collect$$libinit$$00000030)
    .ARM.Collect$$libinit$$00000032          0x00000142   Section        0  libinit2.o(.ARM.Collect$$libinit$$00000032)
    .ARM.Collect$$libinit$$00000033          0x00000142   Section        2  libinit2.o(.ARM.Collect$$libinit$$00000033)
    .ARM.Collect$$libshutdown$$00000000      0x00000144   Section        2  libshutdown.o(.ARM.Collect$$libshutdown$$00000000)
    .ARM.Collect$$libshutdown$$00000002      0x00000146   Section        0  libshutdown2.o(.ARM.Collect$$libshutdown$$00000002)
    .ARM.Collect$$libshutdown$$00000004      0x00000146   Section        0  libshutdown2.o(.ARM.Collect$$libshutdown$$00000004)
    .ARM.Collect$$libshutdown$$00000007      0x00000146   Section        0  libshutdown2.o(.ARM.Collect$$libshutdown$$00000007)
    .ARM.Collect$$libshutdown$$0000000A      0x00000146   Section        0  libshutdown2.o(.ARM.Collect$$libshutdown$$0000000A)
    .ARM.Collect$$libshutdown$$0000000C      0x00000146   Section        0  libshutdown2.o(.ARM.Collect$$libshutdown$$0000000C)
    .ARM.Collect$$libshutdown$$0000000F      0x00000146   Section        0  libshutdown2.o(.ARM.Collect$$libshutdown$$0000000F)
    .ARM.Collect$$libshutdown$$00000010      0x00000146   Section        2  libshutdown2.o(.ARM.Collect$$libshutdown$$00000010)
    .ARM.Collect$$rtentry$$00000000          0x00000148   Section        0  __rtentry.o(.ARM.Collect$$rtentry$$00000000)
    .ARM.Collect$$rtentry$$00000002          0x00000148   Section        0  __rtentry2.o(.ARM.Collect$$rtentry$$00000002)
    .ARM.Collect$$rtentry$$00000004          0x00000148   Section        6  __rtentry4.o(.ARM.Collect$$rtentry$$00000004)
    .ARM.Collect$$rtentry$$00000009          0x0000014e   Section        0  __rtentry2.o(.ARM.Collect$$rtentry$$00000009)
    .ARM.Collect$$rtentry$$0000000A          0x0000014e   Section        4  __rtentry2.o(.ARM.Collect$$rtentry$$0000000A)
    .ARM.Collect$$rtentry$$0000000C          0x00000152   Section        0  __rtentry2.o(.ARM.Collect$$rtentry$$0000000C)
    .ARM.Collect$$rtentry$$0000000D          0x00000152   Section        8  __rtentry2.o(.ARM.Collect$$rtentry$$0000000D)
    .ARM.Collect$$rtexit$$00000000           0x0000015a   Section        2  rtexit.o(.ARM.Collect$$rtexit$$00000000)
    .ARM.Collect$$rtexit$$00000002           0x0000015c   Section        0  rtexit2.o(.ARM.Collect$$rtexit$$00000002)
    .ARM.Collect$$rtexit$$00000003           0x0000015c   Section        4  rtexit2.o(.ARM.Collect$$rtexit$$00000003)
    .ARM.Collect$$rtexit$$00000004           0x00000160   Section        6  rtexit2.o(.ARM.Collect$$rtexit$$00000004)
    .emb_text                                0x00000168   Section        4  glcd_lpc1700.o(.emb_text)
    .text                                    0x0000016c   Section       60  startup_lpc17xx.o(.text)
    .text                                    0x000001a8   Section      100  rt_memcpy_w.o(.text)
    .text                                    0x0000020c   Section        0  heapauxi.o(.text)
    .text                                    0x00000212   Section       74  sys_stackheap_outer.o(.text)
    .text                                    0x0000025c   Section        0  exit.o(.text)
    .text                                    0x00000270   Section        8  libspace.o(.text)
    .text                                    0x00000278   Section        0  sys_exit.o(.text)
    .text                                    0x00000284   Section        2  use_no_semi.o(.text)
    .text                                    0x00000286   Section        0  indicate_semi.o(.text)
    i.GLCD_Clear                             0x00000288   Section        0  glcd_lpc1700.o(i.GLCD_Clear)
    i.GLCD_SetTextColor                      0x000002f0   Section        0  glcd_lpc1700.o(i.GLCD_SetTextColor)
    .ARM.__at_0x02FC                         0x000002fc   Section        4  startup_lpc17xx.o(.ARM.__at_0x02FC)
    i.GLCD_DisplayChar                       0x00000300   Section        0  glcd_lpc1700.o(i.GLCD_DisplayChar)
    i.GLCD_DisplayString                     0x00000330   Section        0  glcd_lpc1700.o(i.GLCD_DisplayString)
    i.GLCD_DrawChar                          0x00000354   Section        0  glcd_lpc1700.o(i.GLCD_DrawChar)
    i.GLCD_Init                              0x0000044c   Section        0  glcd_lpc1700.o(i.GLCD_Init)
    i.GLCD_PutPixel                          0x00000c5c   Section        0  glcd_lpc1700.o(i.GLCD_PutPixel)
    i.GLCD_WindowMax                         0x00000cc8   Section        0  glcd_lpc1700.o(i.GLCD_WindowMax)
    i.SystemInit                             0x00000d24   Section        0  system_lpc17xx.o(i.SystemInit)
    i.UART0_IRQHandler                       0x00000e64   Section        0  uart.o(i.UART0_IRQHandler)
    i.UART2_IRQHandler                       0x00000f28   Section        0  uart.o(i.UART2_IRQHandler)
    i.UARTInit                               0x00000fec   Section        0  uart.o(i.UARTInit)
    i.UARTSend                               0x0000111c   Section        0  uart.o(i.UARTSend)
    i.__NVIC_EnableIRQ                       0x0000117c   Section        0  uart.o(i.__NVIC_EnableIRQ)
    __NVIC_EnableIRQ                         0x0000117d   Thumb Code    26  uart.o(i.__NVIC_EnableIRQ)
    i.delay                                  0x00001196   Section        0  glcd_lpc1700.o(i.delay)
    delay                                    0x00001197   Thumb Code    14  glcd_lpc1700.o(i.delay)
    i.dispLives                              0x000011a4   Section        0  main.o(i.dispLives)
    i.dispScore                              0x000011d0   Section        0  main.o(i.dispScore)
    i.drawFrog                               0x000011fc   Section        0  main.o(i.drawFrog)
    i.drawSquare                             0x00001314   Section        0  main.o(i.drawSquare)
    i.initialize                             0x0000136e   Section        0  main.o(i.initialize)
    i.lcd_send                               0x0000155c   Section        0  glcd_lpc1700.o(i.lcd_send)
    lcd_send                                 0x0000155d   Thumb Code    44  glcd_lpc1700.o(i.lcd_send)
    i.main                                   0x0000158c   Section        0  main.o(i.main)
    i.rd_dat                                 0x00001a44   Section        0  glcd_lpc1700.o(i.rd_dat)
    rd_dat                                   0x00001a45   Thumb Code    98  glcd_lpc1700.o(i.rd_dat)
    i.rd_reg                                 0x00001aac   Section        0  glcd_lpc1700.o(i.rd_reg)
    rd_reg                                   0x00001aad   Thumb Code    38  glcd_lpc1700.o(i.rd_reg)
    i.wait_delay                             0x00001ad8   Section        0  glcd_lpc1700.o(i.wait_delay)
    i.wr_cmd                                 0x00001ae4   Section        0  glcd_lpc1700.o(i.wr_cmd)
    wr_cmd                                   0x00001ae5   Thumb Code    44  glcd_lpc1700.o(i.wr_cmd)
    i.wr_dat                                 0x00001b14   Section        0  glcd_lpc1700.o(i.wr_dat)
    wr_dat                                   0x00001b15   Thumb Code    44  glcd_lpc1700.o(i.wr_dat)
    i.wr_dat_only                            0x00001b44   Section        0  glcd_lpc1700.o(i.wr_dat_only)
    wr_dat_only                              0x00001b45   Thumb Code    32  glcd_lpc1700.o(i.wr_dat_only)
    i.wr_dat_start                           0x00001b68   Section        0  glcd_lpc1700.o(i.wr_dat_start)
    wr_dat_start                             0x00001b69   Thumb Code    10  glcd_lpc1700.o(i.wr_dat_start)
    i.wr_dat_stop                            0x00001b78   Section        0  glcd_lpc1700.o(i.wr_dat_stop)
    wr_dat_stop                              0x00001b79   Thumb Code    10  glcd_lpc1700.o(i.wr_dat_stop)
    i.wr_reg                                 0x00001b88   Section        0  glcd_lpc1700.o(i.wr_reg)
    wr_reg                                   0x00001b89   Thumb Code    36  glcd_lpc1700.o(i.wr_reg)
    .constdata                               0x00001bb0   Section     5376  glcd_lpc1700.o(.constdata)
    .constdata                               0x000030b0   Section      222  main.o(.constdata)
    .data                                    0x10000000   Section        6  glcd_lpc1700.o(.data)
    TextColor                                0x10000000   Data           2  glcd_lpc1700.o(.data)
    BackColor                                0x10000002   Data           2  glcd_lpc1700.o(.data)
    driverCode                               0x10000004   Data           2  glcd_lpc1700.o(.data)
    .data                                    0x10000008   Section       20  uart.o(.data)
    .data                                    0x1000001c   Section        4  system_lpc17xx.o(.data)
    .bss                                     0x10000020   Section      128  uart.o(.bss)
    .bss                                     0x100000a0   Section       96  libspace.o(.bss)
    HEAP                                     0x10000100   Section        0  startup_lpc17xx.o(HEAP)
    STACK                                    0x10000100   Section      512  startup_lpc17xx.o(STACK)
    Heap_Mem                                 0x10000100   Data           0  startup_lpc17xx.o(HEAP)
    Stack_Mem                                0x10000100   Data         512  startup_lpc17xx.o(STACK)
    __initial_sp                             0x10000300   Data           0  startup_lpc17xx.o(STACK)

    Global Symbols

    Symbol Name                              Value     Ov Type        Size  Object(Section)

    BuildAttributes$$THM_ISAv4$P$D$K$B$S$PE$A:L22UL41UL21$X:L11$S22US41US21$IEEE1$IW$USESV6$~STKCKD$USESV7$~SHL$OSPACE$ROPI$EBA8$UX$STANDARDLIB$REQ8$PRES8$EABIv2 0x00000000   Number         0  anon$$obj.o ABSOLUTE
    __ARM_use_no_argv                        0x00000000   Number         0  main.o ABSOLUTE
    __Vectors                                0x00000000   Data           4  startup_lpc17xx.o(RESET)
    __ARM_exceptions_init                     - Undefined Weak Reference
    __alloca_initialize                       - Undefined Weak Reference
    __arm_preinit_                            - Undefined Weak Reference
    __cpp_initialize__aeabi_                  - Undefined Weak Reference
    __cxa_finalize                            - Undefined Weak Reference
    __rt_locale                               - Undefined Weak Reference
    __sigvec_lookup                           - Undefined Weak Reference
    _atexit_init                              - Undefined Weak Reference
    _call_atexit_fns                          - Undefined Weak Reference
    _clock_init                               - Undefined Weak Reference
    _fp_trap_init                             - Undefined Weak Reference
    _fp_trap_shutdown                         - Undefined Weak Reference
    _get_lc_collate                           - Undefined Weak Reference
    _get_lc_ctype                             - Undefined Weak Reference
    _get_lc_monetary                          - Undefined Weak Reference
    _get_lc_numeric                           - Undefined Weak Reference
    _get_lc_time                              - Undefined Weak Reference
    _getenv_init                              - Undefined Weak Reference
    _handle_redirection                       - Undefined Weak Reference
    _init_alloc                               - Undefined Weak Reference
    _init_user_alloc                          - Undefined Weak Reference
    _initio                                   - Undefined Weak Reference
    _rand_init                                - Undefined Weak Reference
    _signal_finish                            - Undefined Weak Reference
    _signal_init                              - Undefined Weak Reference
    _terminate_alloc                          - Undefined Weak Reference
    _terminate_user_alloc                     - Undefined Weak Reference
    _terminateio                              - Undefined Weak Reference
    __main                                   0x000000cd   Thumb Code     8  __main.o(!!!main)
    __scatterload                            0x000000d5   Thumb Code     0  __scatter.o(!!!scatter)
    __scatterload_rt2                        0x000000d5   Thumb Code    44  __scatter.o(!!!scatter)
    __scatterload_rt2_thumb_only             0x000000d5   Thumb Code     0  __scatter.o(!!!scatter)
    __scatterload_null                       0x000000e3   Thumb Code     0  __scatter.o(!!!scatter)
    __scatterload_copy                       0x00000109   Thumb Code    26  __scatter_copy.o(!!handler_copy)
    __scatterload_zeroinit                   0x00000125   Thumb Code    28  __scatter_zi.o(!!handler_zi)
    __rt_lib_init                            0x00000141   Thumb Code     0  libinit.o(.ARM.Collect$$libinit$$00000000)
    __rt_lib_init_alloca_1                   0x00000143   Thumb Code     0  libinit2.o(.ARM.Collect$$libinit$$0000002E)
    __rt_lib_init_argv_1                     0x00000143   Thumb Code     0  libinit2.o(.ARM.Collect$$libinit$$0000002C)
    __rt_lib_init_atexit_1                   0x00000143   Thumb Code     0  libinit2.o(.ARM.Collect$$libinit$$0000001B)
    __rt_lib_init_clock_1                    0x00000143   Thumb Code     0  libinit2.o(.ARM.Collect$$libinit$$00000021)
    __rt_lib_init_cpp_1                      0x00000143   Thumb Code     0  libinit2.o(.ARM.Collect$$libinit$$00000032)
    __rt_lib_init_exceptions_1               0x00000143   Thumb Code     0  libinit2.o(.ARM.Collect$$libinit$$00000030)
    __rt_lib_init_fp_1                       0x00000143   Thumb Code     0  libinit2.o(.ARM.Collect$$libinit$$00000002)
    __rt_lib_init_fp_trap_1                  0x00000143   Thumb Code     0  libinit2.o(.ARM.Collect$$libinit$$0000001F)
    __rt_lib_init_getenv_1                   0x00000143   Thumb Code     0  libinit2.o(.ARM.Collect$$libinit$$00000023)
    __rt_lib_init_heap_1                     0x00000143   Thumb Code     0  libinit2.o(.ARM.Collect$$libinit$$0000000A)
    __rt_lib_init_lc_collate_1               0x00000143   Thumb Code     0  libinit2.o(.ARM.Collect$$libinit$$00000011)
    __rt_lib_init_lc_ctype_1                 0x00000143   Thumb Code     0  libinit2.o(.ARM.Collect$$libinit$$00000013)
    __rt_lib_init_lc_monetary_1              0x00000143   Thumb Code     0  libinit2.o(.ARM.Collect$$libinit$$00000015)
    __rt_lib_init_lc_numeric_1               0x00000143   Thumb Code     0  libinit2.o(.ARM.Collect$$libinit$$00000017)
    __rt_lib_init_lc_time_1                  0x00000143   Thumb Code     0  libinit2.o(.ARM.Collect$$libinit$$00000019)
    __rt_lib_init_preinit_1                  0x00000143   Thumb Code     0  libinit2.o(.ARM.Collect$$libinit$$00000004)
    __rt_lib_init_rand_1                     0x00000143   Thumb Code     0  libinit2.o(.ARM.Collect$$libinit$$0000000E)
    __rt_lib_init_return                     0x00000143   Thumb Code     0  libinit2.o(.ARM.Collect$$libinit$$00000033)
    __rt_lib_init_signal_1                   0x00000143   Thumb Code     0  libinit2.o(.ARM.Collect$$libinit$$0000001D)
    __rt_lib_init_stdio_1                    0x00000143   Thumb Code     0  libinit2.o(.ARM.Collect$$libinit$$00000025)
    __rt_lib_init_user_alloc_1               0x00000143   Thumb Code     0  libinit2.o(.ARM.Collect$$libinit$$0000000C)
    __rt_lib_shutdown                        0x00000145   Thumb Code     0  libshutdown.o(.ARM.Collect$$libshutdown$$00000000)
    __rt_lib_shutdown_cpp_1                  0x00000147   Thumb Code     0  libshutdown2.o(.ARM.Collect$$libshutdown$$00000002)
    __rt_lib_shutdown_fp_trap_1              0x00000147   Thumb Code     0  libshutdown2.o(.ARM.Collect$$libshutdown$$00000007)
    __rt_lib_shutdown_heap_1                 0x00000147   Thumb Code     0  libshutdown2.o(.ARM.Collect$$libshutdown$$0000000F)
    __rt_lib_shutdown_return                 0x00000147   Thumb Code     0  libshutdown2.o(.ARM.Collect$$libshutdown$$00000010)
    __rt_lib_shutdown_signal_1               0x00000147   Thumb Code     0  libshutdown2.o(.ARM.Collect$$libshutdown$$0000000A)
    __rt_lib_shutdown_stdio_1                0x00000147   Thumb Code     0  libshutdown2.o(.ARM.Collect$$libshutdown$$00000004)
    __rt_lib_shutdown_user_alloc_1           0x00000147   Thumb Code     0  libshutdown2.o(.ARM.Collect$$libshutdown$$0000000C)
    __rt_entry                               0x00000149   Thumb Code     0  __rtentry.o(.ARM.Collect$$rtentry$$00000000)
    __rt_entry_presh_1                       0x00000149   Thumb Code     0  __rtentry2.o(.ARM.Collect$$rtentry$$00000002)
    __rt_entry_sh                            0x00000149   Thumb Code     0  __rtentry4.o(.ARM.Collect$$rtentry$$00000004)
    __rt_entry_li                            0x0000014f   Thumb Code     0  __rtentry2.o(.ARM.Collect$$rtentry$$0000000A)
    __rt_entry_postsh_1                      0x0000014f   Thumb Code     0  __rtentry2.o(.ARM.Collect$$rtentry$$00000009)
    __rt_entry_main                          0x00000153   Thumb Code     0  __rtentry2.o(.ARM.Collect$$rtentry$$0000000D)
    __rt_entry_postli_1                      0x00000153   Thumb Code     0  __rtentry2.o(.ARM.Collect$$rtentry$$0000000C)
    __rt_exit                                0x0000015b   Thumb Code     0  rtexit.o(.ARM.Collect$$rtexit$$00000000)
    __rt_exit_ls                             0x0000015d   Thumb Code     0  rtexit2.o(.ARM.Collect$$rtexit$$00000003)
    __rt_exit_prels_1                        0x0000015d   Thumb Code     0  rtexit2.o(.ARM.Collect$$rtexit$$00000002)
    __rt_exit_exit                           0x00000161   Thumb Code     0  rtexit2.o(.ARM.Collect$$rtexit$$00000004)
    wait                                     0x00000169   Thumb Code     4  glcd_lpc1700.o(.emb_text)
    Reset_Handler                            0x0000016d   Thumb Code     8  startup_lpc17xx.o(.text)
    NMI_Handler                              0x00000175   Thumb Code     2  startup_lpc17xx.o(.text)
    HardFault_Handler                        0x00000177   Thumb Code     2  startup_lpc17xx.o(.text)
    MemManage_Handler                        0x00000179   Thumb Code     2  startup_lpc17xx.o(.text)
    BusFault_Handler                         0x0000017b   Thumb Code     2  startup_lpc17xx.o(.text)
    UsageFault_Handler                       0x0000017d   Thumb Code     2  startup_lpc17xx.o(.text)
    SVC_Handler                              0x0000017f   Thumb Code     2  startup_lpc17xx.o(.text)
    DebugMon_Handler                         0x00000181   Thumb Code     2  startup_lpc17xx.o(.text)
    PendSV_Handler                           0x00000183   Thumb Code     2  startup_lpc17xx.o(.text)
    SysTick_Handler                          0x00000185   Thumb Code     2  startup_lpc17xx.o(.text)
    ADC_IRQHandler                           0x00000187   Thumb Code     0  startup_lpc17xx.o(.text)
    BOD_IRQHandler                           0x00000187   Thumb Code     0  startup_lpc17xx.o(.text)
    CANActivity_IRQHandler                   0x00000187   Thumb Code     0  startup_lpc17xx.o(.text)
    CAN_IRQHandler                           0x00000187   Thumb Code     0  startup_lpc17xx.o(.text)
    DMA_IRQHandler                           0x00000187   Thumb Code     0  startup_lpc17xx.o(.text)
    EINT0_IRQHandler                         0x00000187   Thumb Code     0  startup_lpc17xx.o(.text)
    EINT1_IRQHandler                         0x00000187   Thumb Code     0  startup_lpc17xx.o(.text)
    EINT2_IRQHandler                         0x00000187   Thumb Code     0  startup_lpc17xx.o(.text)
    EINT3_IRQHandler                         0x00000187   Thumb Code     0  startup_lpc17xx.o(.text)
    ENET_IRQHandler                          0x00000187   Thumb Code     0  startup_lpc17xx.o(.text)
    I2C0_IRQHandler                          0x00000187   Thumb Code     0  startup_lpc17xx.o(.text)
    I2C1_IRQHandler                          0x00000187   Thumb Code     0  startup_lpc17xx.o(.text)
    I2C2_IRQHandler                          0x00000187   Thumb Code     0  startup_lpc17xx.o(.text)
    I2S_IRQHandler                           0x00000187   Thumb Code     0  startup_lpc17xx.o(.text)
    MCPWM_IRQHandler                         0x00000187   Thumb Code     0  startup_lpc17xx.o(.text)
    PLL0_IRQHandler                          0x00000187   Thumb Code     0  startup_lpc17xx.o(.text)
    PLL1_IRQHandler                          0x00000187   Thumb Code     0  startup_lpc17xx.o(.text)
    PWM1_IRQHandler                          0x00000187   Thumb Code     0  startup_lpc17xx.o(.text)
    QEI_IRQHandler                           0x00000187   Thumb Code     0  startup_lpc17xx.o(.text)
    RIT_IRQHandler                           0x00000187   Thumb Code     0  startup_lpc17xx.o(.text)
    RTC_IRQHandler                           0x00000187   Thumb Code     0  startup_lpc17xx.o(.text)
    SPI_IRQHandler                           0x00000187   Thumb Code     0  startup_lpc17xx.o(.text)
    SSP0_IRQHandler                          0x00000187   Thumb Code     0  startup_lpc17xx.o(.text)
    SSP1_IRQHandler                          0x00000187   Thumb Code     0  startup_lpc17xx.o(.text)
    TIMER0_IRQHandler                        0x00000187   Thumb Code     0  startup_lpc17xx.o(.text)
    TIMER1_IRQHandler                        0x00000187   Thumb Code     0  startup_lpc17xx.o(.text)
    TIMER2_IRQHandler                        0x00000187   Thumb Code     0  startup_lpc17xx.o(.text)
    TIMER3_IRQHandler                        0x00000187   Thumb Code     0  startup_lpc17xx.o(.text)
    UART1_IRQHandler                         0x00000187   Thumb Code     0  startup_lpc17xx.o(.text)
    UART3_IRQHandler                         0x00000187   Thumb Code     0  startup_lpc17xx.o(.text)
    USBActivity_IRQHandler                   0x00000187   Thumb Code     0  startup_lpc17xx.o(.text)
    USB_IRQHandler                           0x00000187   Thumb Code     0  startup_lpc17xx.o(.text)
    WDT_IRQHandler                           0x00000187   Thumb Code     0  startup_lpc17xx.o(.text)
    __user_initial_stackheap                 0x00000189   Thumb Code     0  startup_lpc17xx.o(.text)
    __aeabi_memcpy4                          0x000001a9   Thumb Code     0  rt_memcpy_w.o(.text)
    __aeabi_memcpy8                          0x000001a9   Thumb Code     0  rt_memcpy_w.o(.text)
    __rt_memcpy_w                            0x000001a9   Thumb Code   100  rt_memcpy_w.o(.text)
    _memcpy_lastbytes_aligned                0x000001f1   Thumb Code     0  rt_memcpy_w.o(.text)
    __use_two_region_memory                  0x0000020d   Thumb Code     2  heapauxi.o(.text)
    __rt_heap_escrow$2region                 0x0000020f   Thumb Code     2  heapauxi.o(.text)
    __rt_heap_expand$2region                 0x00000211   Thumb Code     2  heapauxi.o(.text)
    __user_setup_stackheap                   0x00000213   Thumb Code    74  sys_stackheap_outer.o(.text)
    exit                                     0x0000025d   Thumb Code    18  exit.o(.text)
    __user_libspace                          0x00000271   Thumb Code     8  libspace.o(.text)
    __user_perproc_libspace                  0x00000271   Thumb Code     0  libspace.o(.text)
    __user_perthread_libspace                0x00000271   Thumb Code     0  libspace.o(.text)
    _sys_exit                                0x00000279   Thumb Code     8  sys_exit.o(.text)
    __I$use$semihosting                      0x00000285   Thumb Code     0  use_no_semi.o(.text)
    __use_no_semihosting_swi                 0x00000285   Thumb Code     2  use_no_semi.o(.text)
    __semihosting_library_function           0x00000287   Thumb Code     0  indicate_semi.o(.text)
    GLCD_Clear                               0x00000289   Thumb Code    96  glcd_lpc1700.o(i.GLCD_Clear)
    GLCD_SetTextColor                        0x000002f1   Thumb Code     6  glcd_lpc1700.o(i.GLCD_SetTextColor)
    GLCD_DisplayChar                         0x00000301   Thumb Code    42  glcd_lpc1700.o(i.GLCD_DisplayChar)
    GLCD_DisplayString                       0x00000331   Thumb Code    36  glcd_lpc1700.o(i.GLCD_DisplayString)
    GLCD_DrawChar                            0x00000355   Thumb Code   232  glcd_lpc1700.o(i.GLCD_DrawChar)
    GLCD_Init                                0x0000044d   Thumb Code  2060  glcd_lpc1700.o(i.GLCD_Init)
    GLCD_PutPixel                            0x00000c5d   Thumb Code    96  glcd_lpc1700.o(i.GLCD_PutPixel)
    GLCD_WindowMax                           0x00000cc9   Thumb Code    88  glcd_lpc1700.o(i.GLCD_WindowMax)
    SystemInit                               0x00000d25   Thumb Code   302  system_lpc17xx.o(i.SystemInit)
    UART0_IRQHandler                         0x00000e65   Thumb Code   174  uart.o(i.UART0_IRQHandler)
    UART2_IRQHandler                         0x00000f29   Thumb Code   174  uart.o(i.UART2_IRQHandler)
    UARTInit                                 0x00000fed   Thumb Code   278  uart.o(i.UARTInit)
    UARTSend                                 0x0000111d   Thumb Code    80  uart.o(i.UARTSend)
    dispLives                                0x000011a5   Thumb Code    38  main.o(i.dispLives)
    dispScore                                0x000011d1   Thumb Code    40  main.o(i.dispScore)
    drawFrog                                 0x000011fd   Thumb Code   280  main.o(i.drawFrog)
    drawSquare                               0x00001315   Thumb Code    90  main.o(i.drawSquare)
    initialize                               0x0000136f   Thumb Code   494  main.o(i.initialize)
    main                                     0x0000158d   Thumb Code  1208  main.o(i.main)
    wait_delay                               0x00001ad9   Thumb Code    12  glcd_lpc1700.o(i.wait_delay)
    Font_24x16                               0x00001bb0   Data        5376  glcd_lpc1700.o(.constdata)
    Region$$Table$$Base                      0x00003190   Number         0  anon$$obj.o(Region$$Table)
    Region$$Table$$Limit                     0x000031b0   Number         0  anon$$obj.o(Region$$Table)
    UART0_Status                             0x10000008   Data           4  uart.o(.data)
    UART2_Status                             0x1000000c   Data           4  uart.o(.data)
    UART0_TxEmpty                            0x10000010   Data           1  uart.o(.data)
    UART2_TxEmpty                            0x10000011   Data           1  uart.o(.data)
    UART0_Count                              0x10000014   Data           4  uart.o(.data)
    UART2_Count                              0x10000018   Data           4  uart.o(.data)
    SystemCoreClock                          0x1000001c   Data           4  system_lpc17xx.o(.data)
    UART0_Buffer                             0x10000020   Data          64  uart.o(.bss)
    UART2_Buffer                             0x10000060   Data          64  uart.o(.bss)
    __libspace_start                         0x100000a0   Data          96  libspace.o(.bss)
    __temporary_stack_top$libspace           0x10000100   Data           0  libspace.o(.bss)



==============================================================================

Memory Map of the image

  Image Entry point : 0x0000016d

  Load Region LR_1 (Base: 0x00000000, Size: 0x000031d0, Max: 0xffffffff, ABSOLUTE)

    Execution Region ER_RO (Exec base: 0x00000000, Load base: 0x00000000, Size: 0x000031b0, Max: 0xffffffff, ABSOLUTE)

    Exec Addr    Load Addr    Size         Type   Attr      Idx    E Section Name        Object

    0x00000000   0x00000000   0x000000cc   Data   RO          381    RESET               startup_lpc17xx.o
    0x000000cc   0x000000cc   0x00000008   Code   RO          440  * !!!main             c_w.l(__main.o)
    0x000000d4   0x000000d4   0x00000034   Code   RO          607    !!!scatter          c_w.l(__scatter.o)
    0x00000108   0x00000108   0x0000001a   Code   RO          609    !!handler_copy      c_w.l(__scatter_copy.o)
    0x00000122   0x00000122   0x00000002   PAD
    0x00000124   0x00000124   0x0000001c   Code   RO          611    !!handler_zi        c_w.l(__scatter_zi.o)
    0x00000140   0x00000140   0x00000002   Code   RO          477    .ARM.Collect$$libinit$$00000000  c_w.l(libinit.o)
    0x00000142   0x00000142   0x00000000   Code   RO          490    .ARM.Collect$$libinit$$00000002  c_w.l(libinit2.o)
    0x00000142   0x00000142   0x00000000   Code   RO          492    .ARM.Collect$$libinit$$00000004  c_w.l(libinit2.o)
    0x00000142   0x00000142   0x00000000   Code   RO          495    .ARM.Collect$$libinit$$0000000A  c_w.l(libinit2.o)
    0x00000142   0x00000142   0x00000000   Code   RO          497    .ARM.Collect$$libinit$$0000000C  c_w.l(libinit2.o)
    0x00000142   0x00000142   0x00000000   Code   RO          499    .ARM.Collect$$libinit$$0000000E  c_w.l(libinit2.o)
    0x00000142   0x00000142   0x00000000   Code   RO          502    .ARM.Collect$$libinit$$00000011  c_w.l(libinit2.o)
    0x00000142   0x00000142   0x00000000   Code   RO          504    .ARM.Collect$$libinit$$00000013  c_w.l(libinit2.o)
    0x00000142   0x00000142   0x00000000   Code   RO          506    .ARM.Collect$$libinit$$00000015  c_w.l(libinit2.o)
    0x00000142   0x00000142   0x00000000   Code   RO          508    .ARM.Collect$$libinit$$00000017  c_w.l(libinit2.o)
    0x00000142   0x00000142   0x00000000   Code   RO          510    .ARM.Collect$$libinit$$00000019  c_w.l(libinit2.o)
    0x00000142   0x00000142   0x00000000   Code   RO          512    .ARM.Collect$$libinit$$0000001B  c_w.l(libinit2.o)
    0x00000142   0x00000142   0x00000000   Code   RO          514    .ARM.Collect$$libinit$$0000001D  c_w.l(libinit2.o)
    0x00000142   0x00000142   0x00000000   Code   RO          516    .ARM.Collect$$libinit$$0000001F  c_w.l(libinit2.o)
    0x00000142   0x00000142   0x00000000   Code   RO          518    .ARM.Collect$$libinit$$00000021  c_w.l(libinit2.o)
    0x00000142   0x00000142   0x00000000   Code   RO          520    .ARM.Collect$$libinit$$00000023  c_w.l(libinit2.o)
    0x00000142   0x00000142   0x00000000   Code   RO          522    .ARM.Collect$$libinit$$00000025  c_w.l(libinit2.o)
    0x00000142   0x00000142   0x00000000   Code   RO          526    .ARM.Collect$$libinit$$0000002C  c_w.l(libinit2.o)
    0x00000142   0x00000142   0x00000000   Code   RO          528    .ARM.Collect$$libinit$$0000002E  c_w.l(libinit2.o)
    0x00000142   0x00000142   0x00000000   Code   RO          530    .ARM.Collect$$libinit$$00000030  c_w.l(libinit2.o)
    0x00000142   0x00000142   0x00000000   Code   RO          532    .ARM.Collect$$libinit$$00000032  c_w.l(libinit2.o)
    0x00000142   0x00000142   0x00000002   Code   RO          533    .ARM.Collect$$libinit$$00000033  c_w.l(libinit2.o)
    0x00000144   0x00000144   0x00000002   Code   RO          564    .ARM.Collect$$libshutdown$$00000000  c_w.l(libshutdown.o)
    0x00000146   0x00000146   0x00000000   Code   RO          590    .ARM.Collect$$libshutdown$$00000002  c_w.l(libshutdown2.o)
    0x00000146   0x00000146   0x00000000   Code   RO          592    .ARM.Collect$$libshutdown$$00000004  c_w.l(libshutdown2.o)
    0x00000146   0x00000146   0x00000000   Code   RO          595    .ARM.Collect$$libshutdown$$00000007  c_w.l(libshutdown2.o)
    0x00000146   0x00000146   0x00000000   Code   RO          598    .ARM.Collect$$libshutdown$$0000000A  c_w.l(libshutdown2.o)
    0x00000146   0x00000146   0x00000000   Code   RO          600    .ARM.Collect$$libshutdown$$0000000C  c_w.l(libshutdown2.o)
    0x00000146   0x00000146   0x00000000   Code   RO          603    .ARM.Collect$$libshutdown$$0000000F  c_w.l(libshutdown2.o)
    0x00000146   0x00000146   0x00000002   Code   RO          604    .ARM.Collect$$libshutdown$$00000010  c_w.l(libshutdown2.o)
    0x00000148   0x00000148   0x00000000   Code   RO          442    .ARM.Collect$$rtentry$$00000000  c_w.l(__rtentry.o)
    0x00000148   0x00000148   0x00000000   Code   RO          448    .ARM.Collect$$rtentry$$00000002  c_w.l(__rtentry2.o)
    0x00000148   0x00000148   0x00000006   Code   RO          460    .ARM.Collect$$rtentry$$00000004  c_w.l(__rtentry4.o)
    0x0000014e   0x0000014e   0x00000000   Code   RO          450    .ARM.Collect$$rtentry$$00000009  c_w.l(__rtentry2.o)
    0x0000014e   0x0000014e   0x00000004   Code   RO          451    .ARM.Collect$$rtentry$$0000000A  c_w.l(__rtentry2.o)
    0x00000152   0x00000152   0x00000000   Code   RO          453    .ARM.Collect$$rtentry$$0000000C  c_w.l(__rtentry2.o)
    0x00000152   0x00000152   0x00000008   Code   RO          454    .ARM.Collect$$rtentry$$0000000D  c_w.l(__rtentry2.o)
    0x0000015a   0x0000015a   0x00000002   Code   RO          481    .ARM.Collect$$rtexit$$00000000  c_w.l(rtexit.o)
    0x0000015c   0x0000015c   0x00000000   Code   RO          537    .ARM.Collect$$rtexit$$00000002  c_w.l(rtexit2.o)
    0x0000015c   0x0000015c   0x00000004   Code   RO          538    .ARM.Collect$$rtexit$$00000003  c_w.l(rtexit2.o)
    0x00000160   0x00000160   0x00000006   Code   RO          539    .ARM.Collect$$rtexit$$00000004  c_w.l(rtexit2.o)
    0x00000166   0x00000166   0x00000002   PAD
    0x00000168   0x00000168   0x00000004   Code   RO            4    .emb_text           glcd_lpc1700.o
    0x0000016c   0x0000016c   0x0000003c   Code   RO          383  * .text               startup_lpc17xx.o
    0x000001a8   0x000001a8   0x00000064   Code   RO          436    .text               c_w.l(rt_memcpy_w.o)
    0x0000020c   0x0000020c   0x00000006   Code   RO          438    .text               c_w.l(heapauxi.o)
    0x00000212   0x00000212   0x0000004a   Code   RO          464    .text               c_w.l(sys_stackheap_outer.o)
    0x0000025c   0x0000025c   0x00000012   Code   RO          466    .text               c_w.l(exit.o)
    0x0000026e   0x0000026e   0x00000002   PAD
    0x00000270   0x00000270   0x00000008   Code   RO          478    .text               c_w.l(libspace.o)
    0x00000278   0x00000278   0x0000000c   Code   RO          534    .text               c_w.l(sys_exit.o)
    0x00000284   0x00000284   0x00000002   Code   RO          553    .text               c_w.l(use_no_semi.o)
    0x00000286   0x00000286   0x00000000   Code   RO          555    .text               c_w.l(indicate_semi.o)
    0x00000286   0x00000286   0x00000002   PAD
    0x00000288   0x00000288   0x00000068   Code   RO            8    i.GLCD_Clear        glcd_lpc1700.o
    0x000002f0   0x000002f0   0x0000000c   Code   RO           16    i.GLCD_SetTextColor  glcd_lpc1700.o
    0x000002fc   0x000002fc   0x00000004   Code   RO          382    .ARM.__at_0x02FC    startup_lpc17xx.o
    0x00000300   0x00000300   0x00000030   Code   RO           10    i.GLCD_DisplayChar  glcd_lpc1700.o
    0x00000330   0x00000330   0x00000024   Code   RO           11    i.GLCD_DisplayString  glcd_lpc1700.o
    0x00000354   0x00000354   0x000000f8   Code   RO           12    i.GLCD_DrawChar     glcd_lpc1700.o
    0x0000044c   0x0000044c   0x00000810   Code   RO           13    i.GLCD_Init         glcd_lpc1700.o
    0x00000c5c   0x00000c5c   0x0000006c   Code   RO           14    i.GLCD_PutPixel     glcd_lpc1700.o
    0x00000cc8   0x00000cc8   0x0000005c   Code   RO           17    i.GLCD_WindowMax    glcd_lpc1700.o
    0x00000d24   0x00000d24   0x00000140   Code   RO          393    i.SystemInit        system_lpc17xx.o
    0x00000e64   0x00000e64   0x000000c4   Code   RO          255    i.UART0_IRQHandler  uart.o
    0x00000f28   0x00000f28   0x000000c4   Code   RO          256    i.UART2_IRQHandler  uart.o
    0x00000fec   0x00000fec   0x00000130   Code   RO          257    i.UARTInit          uart.o
    0x0000111c   0x0000111c   0x00000060   Code   RO          258    i.UARTSend          uart.o
    0x0000117c   0x0000117c   0x0000001a   Code   RO          259    i.__NVIC_EnableIRQ  uart.o
    0x00001196   0x00001196   0x0000000e   Code   RO           18    i.delay             glcd_lpc1700.o
    0x000011a4   0x000011a4   0x0000002c   Code   RO          316    i.dispLives         main.o
    0x000011d0   0x000011d0   0x0000002c   Code   RO          317    i.dispScore         main.o
    0x000011fc   0x000011fc   0x00000118   Code   RO          318    i.drawFrog          main.o
    0x00001314   0x00001314   0x0000005a   Code   RO          319    i.drawSquare        main.o
    0x0000136e   0x0000136e   0x000001ee   Code   RO          320    i.initialize        main.o
    0x0000155c   0x0000155c   0x00000030   Code   RO           19    i.lcd_send          glcd_lpc1700.o
    0x0000158c   0x0000158c   0x000004b8   Code   RO          321    i.main              main.o
    0x00001a44   0x00001a44   0x00000068   Code   RO           20    i.rd_dat            glcd_lpc1700.o
    0x00001aac   0x00001aac   0x0000002c   Code   RO           21    i.rd_reg            glcd_lpc1700.o
    0x00001ad8   0x00001ad8   0x0000000c   Code   RO           22    i.wait_delay        glcd_lpc1700.o
    0x00001ae4   0x00001ae4   0x00000030   Code   RO           23    i.wr_cmd            glcd_lpc1700.o
    0x00001b14   0x00001b14   0x00000030   Code   RO           24    i.wr_dat            glcd_lpc1700.o
    0x00001b44   0x00001b44   0x00000024   Code   RO           25    i.wr_dat_only       glcd_lpc1700.o
    0x00001b68   0x00001b68   0x00000010   Code   RO           26    i.wr_dat_start      glcd_lpc1700.o
    0x00001b78   0x00001b78   0x00000010   Code   RO           27    i.wr_dat_stop       glcd_lpc1700.o
    0x00001b88   0x00001b88   0x00000028   Code   RO           28    i.wr_reg            glcd_lpc1700.o
    0x00001bb0   0x00001bb0   0x00001500   Data   RO           29    .constdata          glcd_lpc1700.o
    0x000030b0   0x000030b0   0x000000de   Data   RO          322    .constdata          main.o
    0x0000318e   0x0000318e   0x00000002   PAD
    0x00003190   0x00003190   0x00000020   Data   RO          605    Region$$Table       anon$$obj.o


    Execution Region ER_RW (Exec base: 0x10000000, Load base: 0x000031b0, Size: 0x00000020, Max: 0xffffffff, ABSOLUTE)

    Exec Addr    Load Addr    Size         Type   Attr      Idx    E Section Name        Object

    0x10000000   0x000031b0   0x00000006   Data   RW           30    .data               glcd_lpc1700.o
    0x10000006   0x000031b6   0x00000002   PAD
    0x10000008   0x000031b8   0x00000014   Data   RW          261    .data               uart.o
    0x1000001c   0x000031cc   0x00000004   Data   RW          394    .data               system_lpc17xx.o


    Execution Region ER_ZI (Exec base: 0x10000020, Load base: 0x000031d0, Size: 0x000002e0, Max: 0xffffffff, ABSOLUTE)

    Exec Addr    Load Addr    Size         Type   Attr      Idx    E Section Name        Object

    0x10000020        -       0x00000080   Zero   RW          260    .bss                uart.o
    0x100000a0        -       0x00000060   Zero   RW          479    .bss                c_w.l(libspace.o)
    0x10000100        -       0x00000000   Zero   RW          380    HEAP                startup_lpc17xx.o
    0x10000100        -       0x00000200   Zero   RW          379    STACK               startup_lpc17xx.o


==============================================================================

Image component sizes


      Code (inc. data)   RO Data    RW Data    ZI Data      Debug   Object Name

      3142        108       5376          6          0      36844   glcd_lpc1700.o
      2160         46        222          0          0       5556   main.o
        64         26        204          0        512       1208   startup_lpc17xx.o
       320         18          0          4          0       1015   system_lpc17xx.o
       818         86          0         20        128      31941   uart.o

    ----------------------------------------------------------------------
      6504        284       5836         32        640      76564   Object Totals
         0          0         32          0          0          0   (incl. Generated)
         0          0          2          2          0          0   (incl. Padding)

    ----------------------------------------------------------------------

      Code (inc. data)   RO Data    RW Data    ZI Data      Debug   Library Member Name

         8          0          0          0          0         68   __main.o
         0          0          0          0          0          0   __rtentry.o
        12          0          0          0          0          0   __rtentry2.o
         6          0          0          0          0          0   __rtentry4.o
        52          8          0          0          0          0   __scatter.o
        26          0          0          0          0          0   __scatter_copy.o
        28          0          0          0          0          0   __scatter_zi.o
        18          0          0          0          0         80   exit.o
         6          0          0          0          0        152   heapauxi.o
         0          0          0          0          0          0   indicate_semi.o
         2          0          0          0          0          0   libinit.o
         2          0          0          0          0          0   libinit2.o
         2          0          0          0          0          0   libshutdown.o
         2          0          0          0          0          0   libshutdown2.o
         8          4          0          0         96         68   libspace.o
       100          0          0          0          0         80   rt_memcpy_w.o
         2          0          0          0          0          0   rtexit.o
        10          0          0          0          0          0   rtexit2.o
        12          4          0          0          0         68   sys_exit.o
        74          0          0          0          0         80   sys_stackheap_outer.o
         2          0          0          0          0         68   use_no_semi.o

    ----------------------------------------------------------------------
       380         16          0          0         96        664   Library Totals
         8          0          0          0          0          0   (incl. Padding)

    ----------------------------------------------------------------------

      Code (inc. data)   RO Data    RW Data    ZI Data      Debug   Library Name

       372         16          0          0         96        664   c_w.l

    ----------------------------------------------------------------------
       380         16          0          0         96        664   Library Totals

    ----------------------------------------------------------------------

==============================================================================


      Code (inc. data)   RO Data    RW Data    ZI Data      Debug   

      6884        300       5836         32        736      75508   Grand Totals
      6884        300       5836         32        736      75508   ELF Image Totals
      6884        300       5836         32          0          0   ROM Totals

==============================================================================

    Total RO  Size (Code + RO Data)                12720 (  12.42kB)
    Total RW  Size (RW Data + ZI Data)               768 (   0.75kB)
    Total ROM Size (Code + RO Data + RW Data)      12752 (  12.45kB)

==============================================================================

